---
source: crates/sapling_transformer/tests/test_utils.rs
expression: counter.tsx
---
# Input
```tsx
import { State } from "@idealjs/sapling";

class App {
  @State
  accessor obj: {
    counterA: { a: number; b: number };
    counterB: { a: number; b: number };
  } = {
    counterA: { a: 0, b: 0 },
    counterB: { a: 0, b: 0 },
  };
  public render() {
    let { obj } = this;
    let { counterA, counterB } = obj;
    let { a: aa } = counterA;
    let { b: ab } = counterA;
    let { a: ba } = counterB;
    let { b: bb } = counterB;
    let key: "a" | "b" = "a";
    let xxx: "obj" | "" = "obj";
    let counterKey: "counterA" | "counterB" = "counterA";
    let {
      counterA: { a: nestedAA },
    } = this.obj;
    return (
      <div>
        <button
          onClick={() => {
            aa++;
          }}
        >
          +
        </button>
        {aa}
        {ab}
        {ba}
        {bb}
        {nestedAA}
        {counterA.a}
        {counterA.b}
        {counterB.a}
        {counterB.b}
        {obj.counterA.a}
        {obj.counterA.b}
        {obj.counterB.a}
        {obj.counterB.b}
        {this.obj.counterA.a}
        {this.obj.counterA.b}
        {this.obj.counterB.a}
        {this.obj.counterB.b}
        {this.obj.counterA[key]}
        {this.obj.counterB[key]}
        {this.obj[counterKey].a}
        {this.obj[counterKey].b}
        {this.obj[counterKey].a}
        {this.obj[counterKey].b}
        {this.obj[counterKey][key]}
        {this.obj[counterKey][key]}
        {this[xxx].counterA[key]}
        <button
          onClick={() => {
            aa--;
            ab--;
            ba--;
            bb--;
            nestedAA--;
            counterA.a--;
            counterA.b--;
            counterB.a--;
            counterB.b--;
            obj.counterA.a--;
            obj.counterA.b--;
            obj.counterB.a--;
            obj.counterB.b--;
            this.obj.counterA.a--;
            this.obj.counterA.b--;
            this.obj.counterB.a--;
            this.obj.counterB.b--;
            this.obj.counterA[key]--;
            this.obj.counterB[key]--;
            this.obj[counterKey].a--;
            this.obj[counterKey].b--;
            this.obj[counterKey].a--;
            this.obj[counterKey].b--;
            this.obj[counterKey][key]--;
            this.obj[counterKey][key]--;
            this[xxx].counterA[key]--;
          }}
        >
          -
        </button>
      </div>
    );
  }
}

export default App;

```

# Transformations
```tsx
import { State } from "@idealjs/sapling";

class App {
  @State
  accessor obj: {
    counterA: { a: number; b: number };
    counterB: { a: number; b: number };
  } = {
    counterA: { a: 0, b: 0 },
    counterB: { a: 0, b: 0 },
  };
  public render() {
    let { obj } = this;
    let { counterA, counterB } = obj;
    let { a: aa } = counterA;
    let { b: ab } = counterA;
    let { a: ba } = counterB;
    let { b: bb } = counterB;
    let key: "a" | "b" = "a";
    let xxx: "obj" | "" = "obj";
    let counterKey: "counterA" | "counterB" = "counterA";
    let {
      counterA: { a: nestedAA },
    } = this.obj;
    return _$createJsxTagElement(() => {
      let _el$ = _$createElement("div");
      let _el$1 = _$createElement("button");
      _$setProp(_el$1, "onClick", () => {
        aa++;
      });
      _$insertNode(_el$1, _$createTextNode("+"));
      _$insertNode(_el$, _el$1);
      _$effect(
        () => {
          _$insert(_el$, aa);
        },
        () => {
          return [aa];
        },
      );
      _$effect(
        () => {
          _$insert(_el$, ab);
        },
        () => {
          return [ab];
        },
      );
      _$effect(
        () => {
          _$insert(_el$, ba);
        },
        () => {
          return [ba];
        },
      );
      _$effect(
        () => {
          _$insert(_el$, bb);
        },
        () => {
          return [bb];
        },
      );
      _$effect(
        () => {
          _$insert(_el$, nestedAA);
        },
        () => {
          return [nestedAA];
        },
      );
      _$effect(
        () => {
          _$insert(_el$, counterA.a);
        },
        () => {
          return [counterA.a];
        },
      );
      _$effect(
        () => {
          _$insert(_el$, counterA.b);
        },
        () => {
          return [counterA.b];
        },
      );
      _$effect(
        () => {
          _$insert(_el$, counterB.a);
        },
        () => {
          return [counterB.a];
        },
      );
      _$effect(
        () => {
          _$insert(_el$, counterB.b);
        },
        () => {
          return [counterB.b];
        },
      );
      _$effect(
        () => {
          _$insert(_el$, obj.counterA.a);
        },
        () => {
          return [obj.counterA.a];
        },
      );
      _$effect(
        () => {
          _$insert(_el$, obj.counterA.b);
        },
        () => {
          return [obj.counterA.b];
        },
      );
      _$effect(
        () => {
          _$insert(_el$, obj.counterB.a);
        },
        () => {
          return [obj.counterB.a];
        },
      );
      _$effect(
        () => {
          _$insert(_el$, obj.counterB.b);
        },
        () => {
          return [obj.counterB.b];
        },
      );
      _$effect(
        () => {
          _$insert(_el$, this.obj.counterA.a);
        },
        () => {
          return [this.obj.counterA.a];
        },
      );
      _$effect(
        () => {
          _$insert(_el$, this.obj.counterA.b);
        },
        () => {
          return [this.obj.counterA.b];
        },
      );
      _$effect(
        () => {
          _$insert(_el$, this.obj.counterB.a);
        },
        () => {
          return [this.obj.counterB.a];
        },
      );
      _$effect(
        () => {
          _$insert(_el$, this.obj.counterB.b);
        },
        () => {
          return [this.obj.counterB.b];
        },
      );
      _$effect(
        () => {
          _$insert(_el$, this.obj.counterA[key]);
        },
        () => {
          return [this.obj.counterA[key]];
        },
      );
      _$effect(
        () => {
          _$insert(_el$, this.obj.counterB[key]);
        },
        () => {
          return [this.obj.counterB[key]];
        },
      );
      _$effect(
        () => {
          _$insert(_el$, this.obj[counterKey].a);
        },
        () => {
          return [this.obj[counterKey].a];
        },
      );
      _$effect(
        () => {
          _$insert(_el$, this.obj[counterKey].b);
        },
        () => {
          return [this.obj[counterKey].b];
        },
      );
      _$effect(
        () => {
          _$insert(_el$, this.obj[counterKey].a);
        },
        () => {
          return [this.obj[counterKey].a];
        },
      );
      _$effect(
        () => {
          _$insert(_el$, this.obj[counterKey].b);
        },
        () => {
          return [this.obj[counterKey].b];
        },
      );
      _$effect(
        () => {
          _$insert(_el$, this.obj[counterKey][key]);
        },
        () => {
          return [this.obj[counterKey][key]];
        },
      );
      _$effect(
        () => {
          _$insert(_el$, this.obj[counterKey][key]);
        },
        () => {
          return [this.obj[counterKey][key]];
        },
      );
      _$effect(
        () => {
          _$insert(_el$, this[xxx].counterA[key]);
        },
        () => {
          return [this[xxx].counterA[key]];
        },
      );
      let _el$2 = _$createElement("button");
      _$setProp(_el$2, "onClick", () => {
        aa--;
        ab--;
        ba--;
        bb--;
        nestedAA--;
        counterA.a--;
        counterA.b--;
        counterB.a--;
        counterB.b--;
        obj.counterA.a--;
        obj.counterA.b--;
        obj.counterB.a--;
        obj.counterB.b--;
        this.obj.counterA.a--;
        this.obj.counterA.b--;
        this.obj.counterB.a--;
        this.obj.counterB.b--;
        this.obj.counterA[key]--;
        this.obj.counterB[key]--;
        this.obj[counterKey].a--;
        this.obj[counterKey].b--;
        this.obj[counterKey].a--;
        this.obj[counterKey].b--;
        this.obj[counterKey][key]--;
        this.obj[counterKey][key]--;
        this[xxx].counterA[key]--;
      });
      _$insertNode(_el$2, _$createTextNode("-"));
      _$insertNode(_el$, _el$2);
      return _el$;
    });
  }
}

export default App;

```
